[     430ms] [INFO] %cDownload the React DevTools for a better development experience: https://react.dev/link/react-devtools font-weight:bold @ http://localhost:3000/_next/static/chunks/node_modules_next_dist_1e8vcs8._.js:776
[     539ms] [LOG] [HMR] connected @ http://localhost:3000/_next/static/chunks/node_modules_next_dist_1e8vcs8._.js:776
[   71604ms] [LOG] [Fast Refresh] rebuilding @ http://localhost:3000/_next/static/chunks/node_modules_next_dist_1e8vcs8._.js:776
[   72930ms] [LOG] [Fast Refresh] done in 1435ms @ http://localhost:3000/_next/static/chunks/node_modules_next_dist_1e8vcs8._.js:776
[   73210ms] [LOG] [Fast Refresh] rebuilding @ http://localhost:3000/_next/static/chunks/node_modules_next_dist_1e8vcs8._.js:776
[   77196ms] [LOG] [Fast Refresh] done in 4101ms @ http://localhost:3000/_next/static/chunks/node_modules_next_dist_1e8vcs8._.js:776
[  379831ms] [LOG] [Fast Refresh] rebuilding @ http://localhost:3000/_next/static/chunks/node_modules_next_dist_1e8vcs8._.js:776
[  384663ms] [LOG] [Fast Refresh] done in 4833ms @ http://localhost:3000/_next/static/chunks/node_modules_next_dist_1e8vcs8._.js:776
[  384829ms] [LOG] [Fast Refresh] done in 4833ms @ http://localhost:3000/_next/static/chunks/node_modules_next_dist_1e8vcs8._.js:776
[  384891ms] [LOG] [Fast Refresh] done in 4833ms @ http://localhost:3000/_next/static/chunks/node_modules_next_dist_1e8vcs8._.js:776
[  384943ms] [LOG] [Fast Refresh] done in 4833ms @ http://localhost:3000/_next/static/chunks/node_modules_next_dist_1e8vcs8._.js:776
[  384999ms] [LOG] [Fast Refresh] done in 4833ms @ http://localhost:3000/_next/static/chunks/node_modules_next_dist_1e8vcs8._.js:776
[  385055ms] [LOG] [Fast Refresh] done in 4833ms @ http://localhost:3000/_next/static/chunks/node_modules_next_dist_1e8vcs8._.js:776
[  385124ms] [LOG] [Fast Refresh] done in 4833ms @ http://localhost:3000/_next/static/chunks/node_modules_next_dist_1e8vcs8._.js:776
[  385334ms] [LOG] [Fast Refresh] rebuilding @ http://localhost:3000/_next/static/chunks/node_modules_next_dist_1e8vcs8._.js:776
[  387800ms] [LOG] [Fast Refresh] done in 2499ms @ http://localhost:3000/_next/static/chunks/node_modules_next_dist_1e8vcs8._.js:776
[  392219ms] [LOG] [Fast Refresh] rebuilding @ http://localhost:3000/_next/static/chunks/node_modules_next_dist_1e8vcs8._.js:776
[  403198ms] [LOG] [Fast Refresh] done in 10976ms @ http://localhost:3000/_next/static/chunks/node_modules_next_dist_1e8vcs8._.js:776
[  403249ms] [LOG] [Fast Refresh] done in 10976ms @ http://localhost:3000/_next/static/chunks/node_modules_next_dist_1e8vcs8._.js:776
[  403319ms] [LOG] [Fast Refresh] done in 10976ms @ http://localhost:3000/_next/static/chunks/node_modules_next_dist_1e8vcs8._.js:776
[  403370ms] [LOG] [Fast Refresh] done in 10976ms @ http://localhost:3000/_next/static/chunks/node_modules_next_dist_1e8vcs8._.js:776
[  403420ms] [LOG] [Fast Refresh] done in 10976ms @ http://localhost:3000/_next/static/chunks/node_modules_next_dist_1e8vcs8._.js:776
[  403478ms] [LOG] [Fast Refresh] done in 10976ms @ http://localhost:3000/_next/static/chunks/node_modules_next_dist_1e8vcs8._.js:776
[  403521ms] [LOG] [Fast Refresh] done in 10976ms @ http://localhost:3000/_next/static/chunks/node_modules_next_dist_1e8vcs8._.js:776
[  403585ms] [LOG] [Fast Refresh] done in 10976ms @ http://localhost:3000/_next/static/chunks/node_modules_next_dist_1e8vcs8._.js:776
[  403642ms] [LOG] [Fast Refresh] done in 10976ms @ http://localhost:3000/_next/static/chunks/node_modules_next_dist_1e8vcs8._.js:776
[  403692ms] [LOG] [Fast Refresh] done in 10976ms @ http://localhost:3000/_next/static/chunks/node_modules_next_dist_1e8vcs8._.js:776
[  403742ms] [LOG] [Fast Refresh] done in 10976ms @ http://localhost:3000/_next/static/chunks/node_modules_next_dist_1e8vcs8._.js:776
[  403791ms] [LOG] [Fast Refresh] done in 10976ms @ http://localhost:3000/_next/static/chunks/node_modules_next_dist_1e8vcs8._.js:776
[  403854ms] [LOG] [Fast Refresh] done in 10976ms @ http://localhost:3000/_next/static/chunks/node_modules_next_dist_1e8vcs8._.js:776
[  403913ms] [LOG] [Fast Refresh] done in 10976ms @ http://localhost:3000/_next/static/chunks/node_modules_next_dist_1e8vcs8._.js:776
[  403975ms] [LOG] [Fast Refresh] done in 10976ms @ http://localhost:3000/_next/static/chunks/node_modules_next_dist_1e8vcs8._.js:776
[  404039ms] [LOG] [Fast Refresh] done in 10976ms @ http://localhost:3000/_next/static/chunks/node_modules_next_dist_1e8vcs8._.js:776
[  404102ms] [LOG] [Fast Refresh] done in 10976ms @ http://localhost:3000/_next/static/chunks/node_modules_next_dist_1e8vcs8._.js:776
[  404165ms] [LOG] [Fast Refresh] done in 10976ms @ http://localhost:3000/_next/static/chunks/node_modules_next_dist_1e8vcs8._.js:776
[  404233ms] [LOG] [Fast Refresh] done in 10976ms @ http://localhost:3000/_next/static/chunks/node_modules_next_dist_1e8vcs8._.js:776
[  404290ms] [LOG] [Fast Refresh] done in 10976ms @ http://localhost:3000/_next/static/chunks/node_modules_next_dist_1e8vcs8._.js:776
[  404355ms] [LOG] [Fast Refresh] done in 10976ms @ http://localhost:3000/_next/static/chunks/node_modules_next_dist_1e8vcs8._.js:776
[  404418ms] [LOG] [Fast Refresh] done in 10976ms @ http://localhost:3000/_next/static/chunks/node_modules_next_dist_1e8vcs8._.js:776
[  404479ms] [LOG] [Fast Refresh] done in 10976ms @ http://localhost:3000/_next/static/chunks/node_modules_next_dist_1e8vcs8._.js:776
[  404542ms] [LOG] [Fast Refresh] done in 10976ms @ http://localhost:3000/_next/static/chunks/node_modules_next_dist_1e8vcs8._.js:776
[  404608ms] [LOG] [Fast Refresh] done in 10976ms @ http://localhost:3000/_next/static/chunks/node_modules_next_dist_1e8vcs8._.js:776
[  404669ms] [LOG] [Fast Refresh] done in 10976ms @ http://localhost:3000/_next/static/chunks/node_modules_next_dist_1e8vcs8._.js:776
[  404732ms] [LOG] [Fast Refresh] done in 10976ms @ http://localhost:3000/_next/static/chunks/node_modules_next_dist_1e8vcs8._.js:776
[  404795ms] [LOG] [Fast Refresh] done in 10976ms @ http://localhost:3000/_next/static/chunks/node_modules_next_dist_1e8vcs8._.js:776
[  404862ms] [LOG] [Fast Refresh] done in 10976ms @ http://localhost:3000/_next/static/chunks/node_modules_next_dist_1e8vcs8._.js:776
[  404921ms] [LOG] [Fast Refresh] done in 10976ms @ http://localhost:3000/_next/static/chunks/node_modules_next_dist_1e8vcs8._.js:776
[  404988ms] [LOG] [Fast Refresh] done in 10976ms @ http://localhost:3000/_next/static/chunks/node_modules_next_dist_1e8vcs8._.js:776
[  405050ms] [LOG] [Fast Refresh] done in 10976ms @ http://localhost:3000/_next/static/chunks/node_modules_next_dist_1e8vcs8._.js:776
[  405114ms] [LOG] [Fast Refresh] done in 10976ms @ http://localhost:3000/_next/static/chunks/node_modules_next_dist_1e8vcs8._.js:776
[  405176ms] [LOG] [Fast Refresh] done in 10976ms @ http://localhost:3000/_next/static/chunks/node_modules_next_dist_1e8vcs8._.js:776
[  405238ms] [LOG] [Fast Refresh] done in 10976ms @ http://localhost:3000/_next/static/chunks/node_modules_next_dist_1e8vcs8._.js:776
[  405301ms] [LOG] [Fast Refresh] done in 10976ms @ http://localhost:3000/_next/static/chunks/node_modules_next_dist_1e8vcs8._.js:776
[  405365ms] [LOG] [Fast Refresh] done in 10976ms @ http://localhost:3000/_next/static/chunks/node_modules_next_dist_1e8vcs8._.js:776
[  405426ms] [LOG] [Fast Refresh] done in 10976ms @ http://localhost:3000/_next/static/chunks/node_modules_next_dist_1e8vcs8._.js:776
[  405489ms] [LOG] [Fast Refresh] done in 10976ms @ http://localhost:3000/_next/static/chunks/node_modules_next_dist_1e8vcs8._.js:776
[  405552ms] [LOG] [Fast Refresh] done in 10976ms @ http://localhost:3000/_next/static/chunks/node_modules_next_dist_1e8vcs8._.js:776
[  405616ms] [LOG] [Fast Refresh] done in 10976ms @ http://localhost:3000/_next/static/chunks/node_modules_next_dist_1e8vcs8._.js:776
[  405679ms] [LOG] [Fast Refresh] done in 10976ms @ http://localhost:3000/_next/static/chunks/node_modules_next_dist_1e8vcs8._.js:776
[  405743ms] [LOG] [Fast Refresh] done in 10976ms @ http://localhost:3000/_next/static/chunks/node_modules_next_dist_1e8vcs8._.js:776
[  405805ms] [LOG] [Fast Refresh] done in 10976ms @ http://localhost:3000/_next/static/chunks/node_modules_next_dist_1e8vcs8._.js:776
[  405869ms] [LOG] [Fast Refresh] done in 10976ms @ http://localhost:3000/_next/static/chunks/node_modules_next_dist_1e8vcs8._.js:776
[  405933ms] [LOG] [Fast Refresh] done in 10976ms @ http://localhost:3000/_next/static/chunks/node_modules_next_dist_1e8vcs8._.js:776
[  405996ms] [LOG] [Fast Refresh] done in 10976ms @ http://localhost:3000/_next/static/chunks/node_modules_next_dist_1e8vcs8._.js:776
[  406059ms] [LOG] [Fast Refresh] done in 10976ms @ http://localhost:3000/_next/static/chunks/node_modules_next_dist_1e8vcs8._.js:776
[  406122ms] [LOG] [Fast Refresh] done in 10976ms @ http://localhost:3000/_next/static/chunks/node_modules_next_dist_1e8vcs8._.js:776
[  406184ms] [LOG] [Fast Refresh] done in 10976ms @ http://localhost:3000/_next/static/chunks/node_modules_next_dist_1e8vcs8._.js:776
[  406248ms] [LOG] [Fast Refresh] done in 10976ms @ http://localhost:3000/_next/static/chunks/node_modules_next_dist_1e8vcs8._.js:776
[  406312ms] [LOG] [Fast Refresh] done in 10976ms @ http://localhost:3000/_next/static/chunks/node_modules_next_dist_1e8vcs8._.js:776
[  406374ms] [LOG] [Fast Refresh] done in 10976ms @ http://localhost:3000/_next/static/chunks/node_modules_next_dist_1e8vcs8._.js:776
[  406438ms] [LOG] [Fast Refresh] done in 10976ms @ http://localhost:3000/_next/static/chunks/node_modules_next_dist_1e8vcs8._.js:776
[  406501ms] [LOG] [Fast Refresh] done in 10976ms @ http://localhost:3000/_next/static/chunks/node_modules_next_dist_1e8vcs8._.js:776
[  406564ms] [LOG] [Fast Refresh] done in 10976ms @ http://localhost:3000/_next/static/chunks/node_modules_next_dist_1e8vcs8._.js:776
[  406628ms] [LOG] [Fast Refresh] done in 10976ms @ http://localhost:3000/_next/static/chunks/node_modules_next_dist_1e8vcs8._.js:776
[  406691ms] [LOG] [Fast Refresh] done in 10976ms @ http://localhost:3000/_next/static/chunks/node_modules_next_dist_1e8vcs8._.js:776
[  406755ms] [LOG] [Fast Refresh] done in 10976ms @ http://localhost:3000/_next/static/chunks/node_modules_next_dist_1e8vcs8._.js:776
[  406819ms] [LOG] [Fast Refresh] done in 10976ms @ http://localhost:3000/_next/static/chunks/node_modules_next_dist_1e8vcs8._.js:776
[  406881ms] [LOG] [Fast Refresh] done in 10976ms @ http://localhost:3000/_next/static/chunks/node_modules_next_dist_1e8vcs8._.js:776
[  406944ms] [LOG] [Fast Refresh] done in 10976ms @ http://localhost:3000/_next/static/chunks/node_modules_next_dist_1e8vcs8._.js:776
[  407007ms] [LOG] [Fast Refresh] done in 10976ms @ http://localhost:3000/_next/static/chunks/node_modules_next_dist_1e8vcs8._.js:776
[  407070ms] [LOG] [Fast Refresh] done in 10976ms @ http://localhost:3000/_next/static/chunks/node_modules_next_dist_1e8vcs8._.js:776
[  407133ms] [LOG] [Fast Refresh] done in 10976ms @ http://localhost:3000/_next/static/chunks/node_modules_next_dist_1e8vcs8._.js:776
[  407195ms] [LOG] [Fast Refresh] done in 10976ms @ http://localhost:3000/_next/static/chunks/node_modules_next_dist_1e8vcs8._.js:776
[  407259ms] [LOG] [Fast Refresh] done in 10976ms @ http://localhost:3000/_next/static/chunks/node_modules_next_dist_1e8vcs8._.js:776
[  407322ms] [LOG] [Fast Refresh] done in 10976ms @ http://localhost:3000/_next/static/chunks/node_modules_next_dist_1e8vcs8._.js:776
[  407387ms] [LOG] [Fast Refresh] done in 10976ms @ http://localhost:3000/_next/static/chunks/node_modules_next_dist_1e8vcs8._.js:776
[  407449ms] [LOG] [Fast Refresh] done in 10976ms @ http://localhost:3000/_next/static/chunks/node_modules_next_dist_1e8vcs8._.js:776
[  407514ms] [LOG] [Fast Refresh] done in 10976ms @ http://localhost:3000/_next/static/chunks/node_modules_next_dist_1e8vcs8._.js:776
[  407579ms] [LOG] [Fast Refresh] done in 10976ms @ http://localhost:3000/_next/static/chunks/node_modules_next_dist_1e8vcs8._.js:776
[  407641ms] [LOG] [Fast Refresh] done in 10976ms @ http://localhost:3000/_next/static/chunks/node_modules_next_dist_1e8vcs8._.js:776
[  407703ms] [LOG] [Fast Refresh] done in 10976ms @ http://localhost:3000/_next/static/chunks/node_modules_next_dist_1e8vcs8._.js:776
[  407765ms] [LOG] [Fast Refresh] done in 10976ms @ http://localhost:3000/_next/static/chunks/node_modules_next_dist_1e8vcs8._.js:776
[  407827ms] [LOG] [Fast Refresh] done in 10976ms @ http://localhost:3000/_next/static/chunks/node_modules_next_dist_1e8vcs8._.js:776
[  407891ms] [LOG] [Fast Refresh] done in 10976ms @ http://localhost:3000/_next/static/chunks/node_modules_next_dist_1e8vcs8._.js:776
[  407957ms] [LOG] [Fast Refresh] done in 10976ms @ http://localhost:3000/_next/static/chunks/node_modules_next_dist_1e8vcs8._.js:776
[  408020ms] [LOG] [Fast Refresh] done in 10976ms @ http://localhost:3000/_next/static/chunks/node_modules_next_dist_1e8vcs8._.js:776
[  408082ms] [LOG] [Fast Refresh] done in 10976ms @ http://localhost:3000/_next/static/chunks/node_modules_next_dist_1e8vcs8._.js:776
[  408145ms] [LOG] [Fast Refresh] done in 10976ms @ http://localhost:3000/_next/static/chunks/node_modules_next_dist_1e8vcs8._.js:776
[  408207ms] [LOG] [Fast Refresh] done in 10976ms @ http://localhost:3000/_next/static/chunks/node_modules_next_dist_1e8vcs8._.js:776
[  408269ms] [LOG] [Fast Refresh] done in 10976ms @ http://localhost:3000/_next/static/chunks/node_modules_next_dist_1e8vcs8._.js:776
[  408333ms] [LOG] [Fast Refresh] done in 10976ms @ http://localhost:3000/_next/static/chunks/node_modules_next_dist_1e8vcs8._.js:776
[  408397ms] [LOG] [Fast Refresh] done in 10976ms @ http://localhost:3000/_next/static/chunks/node_modules_next_dist_1e8vcs8._.js:776
[  408459ms] [LOG] [Fast Refresh] done in 10976ms @ http://localhost:3000/_next/static/chunks/node_modules_next_dist_1e8vcs8._.js:776
[  408522ms] [LOG] [Fast Refresh] done in 10976ms @ http://localhost:3000/_next/static/chunks/node_modules_next_dist_1e8vcs8._.js:776
[  408585ms] [LOG] [Fast Refresh] done in 10976ms @ http://localhost:3000/_next/static/chunks/node_modules_next_dist_1e8vcs8._.js:776
[  408648ms] [LOG] [Fast Refresh] done in 10976ms @ http://localhost:3000/_next/static/chunks/node_modules_next_dist_1e8vcs8._.js:776
[  408712ms] [LOG] [Fast Refresh] done in 10976ms @ http://localhost:3000/_next/static/chunks/node_modules_next_dist_1e8vcs8._.js:776
[  408775ms] [LOG] [Fast Refresh] done in 10976ms @ http://localhost:3000/_next/static/chunks/node_modules_next_dist_1e8vcs8._.js:776
[  408838ms] [LOG] [Fast Refresh] done in 10976ms @ http://localhost:3000/_next/static/chunks/node_modules_next_dist_1e8vcs8._.js:776
[  408902ms] [LOG] [Fast Refresh] done in 10976ms @ http://localhost:3000/_next/static/chunks/node_modules_next_dist_1e8vcs8._.js:776
[  408964ms] [LOG] [Fast Refresh] done in 10976ms @ http://localhost:3000/_next/static/chunks/node_modules_next_dist_1e8vcs8._.js:776
[  409028ms] [LOG] [Fast Refresh] done in 10976ms @ http://localhost:3000/_next/static/chunks/node_modules_next_dist_1e8vcs8._.js:776
[  409091ms] [LOG] [Fast Refresh] done in 10976ms @ http://localhost:3000/_next/static/chunks/node_modules_next_dist_1e8vcs8._.js:776
[  409154ms] [LOG] [Fast Refresh] done in 10976ms @ http://localhost:3000/_next/static/chunks/node_modules_next_dist_1e8vcs8._.js:776
[  409218ms] [LOG] [Fast Refresh] done in 10976ms @ http://localhost:3000/_next/static/chunks/node_modules_next_dist_1e8vcs8._.js:776
[  409280ms] [LOG] [Fast Refresh] done in 10976ms @ http://localhost:3000/_next/static/chunks/node_modules_next_dist_1e8vcs8._.js:776
[  409344ms] [LOG] [Fast Refresh] done in 10976ms @ http://localhost:3000/_next/static/chunks/node_modules_next_dist_1e8vcs8._.js:776
[  409408ms] [LOG] [Fast Refresh] done in 10976ms @ http://localhost:3000/_next/static/chunks/node_modules_next_dist_1e8vcs8._.js:776
[  409472ms] [LOG] [Fast Refresh] done in 10976ms @ http://localhost:3000/_next/static/chunks/node_modules_next_dist_1e8vcs8._.js:776
[  409536ms] [LOG] [Fast Refresh] done in 10976ms @ http://localhost:3000/_next/static/chunks/node_modules_next_dist_1e8vcs8._.js:776
[  409598ms] [LOG] [Fast Refresh] done in 10976ms @ http://localhost:3000/_next/static/chunks/node_modules_next_dist_1e8vcs8._.js:776
[  409663ms] [LOG] [Fast Refresh] done in 10976ms @ http://localhost:3000/_next/static/chunks/node_modules_next_dist_1e8vcs8._.js:776
[  409728ms] [LOG] [Fast Refresh] done in 10976ms @ http://localhost:3000/_next/static/chunks/node_modules_next_dist_1e8vcs8._.js:776
[  409792ms] [LOG] [Fast Refresh] done in 10976ms @ http://localhost:3000/_next/static/chunks/node_modules_next_dist_1e8vcs8._.js:776
[  409857ms] [LOG] [Fast Refresh] done in 10976ms @ http://localhost:3000/_next/static/chunks/node_modules_next_dist_1e8vcs8._.js:776
[  409921ms] [LOG] [Fast Refresh] done in 10976ms @ http://localhost:3000/_next/static/chunks/node_modules_next_dist_1e8vcs8._.js:776
[  409983ms] [LOG] [Fast Refresh] done in 10976ms @ http://localhost:3000/_next/static/chunks/node_modules_next_dist_1e8vcs8._.js:776
[  410045ms] [LOG] [Fast Refresh] done in 10976ms @ http://localhost:3000/_next/static/chunks/node_modules_next_dist_1e8vcs8._.js:776
[  410110ms] [LOG] [Fast Refresh] done in 10976ms @ http://localhost:3000/_next/static/chunks/node_modules_next_dist_1e8vcs8._.js:776
[  410171ms] [LOG] [Fast Refresh] done in 10976ms @ http://localhost:3000/_next/static/chunks/node_modules_next_dist_1e8vcs8._.js:776
[  410236ms] [LOG] [Fast Refresh] done in 10976ms @ http://localhost:3000/_next/static/chunks/node_modules_next_dist_1e8vcs8._.js:776
[  410299ms] [LOG] [Fast Refresh] done in 10976ms @ http://localhost:3000/_next/static/chunks/node_modules_next_dist_1e8vcs8._.js:776
[  410363ms] [LOG] [Fast Refresh] done in 10976ms @ http://localhost:3000/_next/static/chunks/node_modules_next_dist_1e8vcs8._.js:776
[  410426ms] [LOG] [Fast Refresh] done in 10976ms @ http://localhost:3000/_next/static/chunks/node_modules_next_dist_1e8vcs8._.js:776
[  410491ms] [LOG] [Fast Refresh] done in 10976ms @ http://localhost:3000/_next/static/chunks/node_modules_next_dist_1e8vcs8._.js:776
[  410556ms] [LOG] [Fast Refresh] done in 10976ms @ http://localhost:3000/_next/static/chunks/node_modules_next_dist_1e8vcs8._.js:776
[  410621ms] [LOG] [Fast Refresh] done in 10976ms @ http://localhost:3000/_next/static/chunks/node_modules_next_dist_1e8vcs8._.js:776
[  410685ms] [LOG] [Fast Refresh] done in 10976ms @ http://localhost:3000/_next/static/chunks/node_modules_next_dist_1e8vcs8._.js:776
[  410749ms] [LOG] [Fast Refresh] done in 10976ms @ http://localhost:3000/_next/static/chunks/node_modules_next_dist_1e8vcs8._.js:776
[  410815ms] [LOG] [Fast Refresh] done in 10976ms @ http://localhost:3000/_next/static/chunks/node_modules_next_dist_1e8vcs8._.js:776
[  410876ms] [LOG] [Fast Refresh] done in 10976ms @ http://localhost:3000/_next/static/chunks/node_modules_next_dist_1e8vcs8._.js:776
[  410942ms] [LOG] [Fast Refresh] done in 10976ms @ http://localhost:3000/_next/static/chunks/node_modules_next_dist_1e8vcs8._.js:776
[  411005ms] [LOG] [Fast Refresh] done in 10976ms @ http://localhost:3000/_next/static/chunks/node_modules_next_dist_1e8vcs8._.js:776
[  411070ms] [LOG] [Fast Refresh] done in 10976ms @ http://localhost:3000/_next/static/chunks/node_modules_next_dist_1e8vcs8._.js:776
[  411135ms] [LOG] [Fast Refresh] done in 10976ms @ http://localhost:3000/_next/static/chunks/node_modules_next_dist_1e8vcs8._.js:776
[  411196ms] [LOG] [Fast Refresh] done in 10976ms @ http://localhost:3000/_next/static/chunks/node_modules_next_dist_1e8vcs8._.js:776
