[    2238ms] [INFO] %cDownload the React DevTools for a better development experience: https://react.dev/link/react-devtools font-weight:bold @ http://localhost:3000/_next/static/chunks/node_modules_next_dist_1e8vcs8._.js:776
[    2262ms] [LOG] [HMR] connected @ http://localhost:3000/_next/static/chunks/node_modules_next_dist_1e8vcs8._.js:776
[    2473ms] [LOG] [Fast Refresh] rebuilding @ http://localhost:3000/_next/static/chunks/node_modules_next_dist_1e8vcs8._.js:776
[    3275ms] [LOG] [Fast Refresh] done in 902ms @ http://localhost:3000/_next/static/chunks/node_modules_next_dist_1e8vcs8._.js:776
[   26736ms] [LOG] [Fast Refresh] rebuilding @ http://localhost:3000/_next/static/chunks/node_modules_next_dist_1e8vcs8._.js:776
[   30114ms] [LOG] [Fast Refresh] done in 3429ms @ http://localhost:3000/_next/static/chunks/node_modules_next_dist_1e8vcs8._.js:776
[   30292ms] [LOG] [Fast Refresh] done in 3429ms @ http://localhost:3000/_next/static/chunks/node_modules_next_dist_1e8vcs8._.js:776
[   49365ms] [LOG] [Fast Refresh] rebuilding @ http://localhost:3000/_next/static/chunks/node_modules_next_dist_1e8vcs8._.js:776
[   53269ms] [LOG] [Fast Refresh] done in 3782ms @ http://localhost:3000/_next/static/chunks/node_modules_next_dist_1e8vcs8._.js:776
[   53334ms] [LOG] [Fast Refresh] done in 3782ms @ http://localhost:3000/_next/static/chunks/node_modules_next_dist_1e8vcs8._.js:776
[   53379ms] [LOG] [Fast Refresh] done in 3782ms @ http://localhost:3000/_next/static/chunks/node_modules_next_dist_1e8vcs8._.js:776
[   53424ms] [LOG] [Fast Refresh] done in 3782ms @ http://localhost:3000/_next/static/chunks/node_modules_next_dist_1e8vcs8._.js:776
[   53469ms] [LOG] [Fast Refresh] done in 3782ms @ http://localhost:3000/_next/static/chunks/node_modules_next_dist_1e8vcs8._.js:776
[   53514ms] [LOG] [Fast Refresh] done in 3782ms @ http://localhost:3000/_next/static/chunks/node_modules_next_dist_1e8vcs8._.js:776
[   53575ms] [LOG] [Fast Refresh] done in 3782ms @ http://localhost:3000/_next/static/chunks/node_modules_next_dist_1e8vcs8._.js:776
[   53640ms] [LOG] [Fast Refresh] done in 3782ms @ http://localhost:3000/_next/static/chunks/node_modules_next_dist_1e8vcs8._.js:776
[   53711ms] [LOG] [Fast Refresh] done in 3782ms @ http://localhost:3000/_next/static/chunks/node_modules_next_dist_1e8vcs8._.js:776
[   53774ms] [LOG] [Fast Refresh] done in 3782ms @ http://localhost:3000/_next/static/chunks/node_modules_next_dist_1e8vcs8._.js:776
[   53826ms] [LOG] [Fast Refresh] done in 3782ms @ http://localhost:3000/_next/static/chunks/node_modules_next_dist_1e8vcs8._.js:776
[   53891ms] [LOG] [Fast Refresh] done in 3782ms @ http://localhost:3000/_next/static/chunks/node_modules_next_dist_1e8vcs8._.js:776
[   53959ms] [LOG] [Fast Refresh] done in 3782ms @ http://localhost:3000/_next/static/chunks/node_modules_next_dist_1e8vcs8._.js:776
[   54024ms] [LOG] [Fast Refresh] done in 3782ms @ http://localhost:3000/_next/static/chunks/node_modules_next_dist_1e8vcs8._.js:776
[   54082ms] [LOG] [Fast Refresh] done in 3782ms @ http://localhost:3000/_next/static/chunks/node_modules_next_dist_1e8vcs8._.js:776
[   54142ms] [LOG] [Fast Refresh] done in 3782ms @ http://localhost:3000/_next/static/chunks/node_modules_next_dist_1e8vcs8._.js:776
[   54206ms] [LOG] [Fast Refresh] done in 3782ms @ http://localhost:3000/_next/static/chunks/node_modules_next_dist_1e8vcs8._.js:776
[   54256ms] [LOG] [Fast Refresh] done in 3782ms @ http://localhost:3000/_next/static/chunks/node_modules_next_dist_1e8vcs8._.js:776
[   54323ms] [LOG] [Fast Refresh] done in 3782ms @ http://localhost:3000/_next/static/chunks/node_modules_next_dist_1e8vcs8._.js:776
[   54375ms] [LOG] [Fast Refresh] done in 3782ms @ http://localhost:3000/_next/static/chunks/node_modules_next_dist_1e8vcs8._.js:776
[   54422ms] [LOG] [Fast Refresh] done in 3782ms @ http://localhost:3000/_next/static/chunks/node_modules_next_dist_1e8vcs8._.js:776
[   54495ms] [LOG] [Fast Refresh] done in 3782ms @ http://localhost:3000/_next/static/chunks/node_modules_next_dist_1e8vcs8._.js:776
[   54560ms] [LOG] [Fast Refresh] done in 3782ms @ http://localhost:3000/_next/static/chunks/node_modules_next_dist_1e8vcs8._.js:776
[   54623ms] [LOG] [Fast Refresh] done in 3782ms @ http://localhost:3000/_next/static/chunks/node_modules_next_dist_1e8vcs8._.js:776
[   54690ms] [LOG] [Fast Refresh] done in 3782ms @ http://localhost:3000/_next/static/chunks/node_modules_next_dist_1e8vcs8._.js:776
[   54752ms] [LOG] [Fast Refresh] done in 3782ms @ http://localhost:3000/_next/static/chunks/node_modules_next_dist_1e8vcs8._.js:776
[   54804ms] [LOG] [Fast Refresh] done in 3782ms @ http://localhost:3000/_next/static/chunks/node_modules_next_dist_1e8vcs8._.js:776
[   54859ms] [LOG] [Fast Refresh] done in 3782ms @ http://localhost:3000/_next/static/chunks/node_modules_next_dist_1e8vcs8._.js:776
[   54910ms] [LOG] [Fast Refresh] done in 3782ms @ http://localhost:3000/_next/static/chunks/node_modules_next_dist_1e8vcs8._.js:776
[   54974ms] [LOG] [Fast Refresh] done in 3782ms @ http://localhost:3000/_next/static/chunks/node_modules_next_dist_1e8vcs8._.js:776
[   55037ms] [LOG] [Fast Refresh] done in 3782ms @ http://localhost:3000/_next/static/chunks/node_modules_next_dist_1e8vcs8._.js:776
[   55100ms] [LOG] [Fast Refresh] done in 3782ms @ http://localhost:3000/_next/static/chunks/node_modules_next_dist_1e8vcs8._.js:776
[   55163ms] [LOG] [Fast Refresh] done in 3782ms @ http://localhost:3000/_next/static/chunks/node_modules_next_dist_1e8vcs8._.js:776
[   55228ms] [LOG] [Fast Refresh] done in 3782ms @ http://localhost:3000/_next/static/chunks/node_modules_next_dist_1e8vcs8._.js:776
[   55288ms] [LOG] [Fast Refresh] done in 3782ms @ http://localhost:3000/_next/static/chunks/node_modules_next_dist_1e8vcs8._.js:776
[   55345ms] [LOG] [Fast Refresh] done in 3782ms @ http://localhost:3000/_next/static/chunks/node_modules_next_dist_1e8vcs8._.js:776
[   55392ms] [LOG] [Fast Refresh] done in 3782ms @ http://localhost:3000/_next/static/chunks/node_modules_next_dist_1e8vcs8._.js:776
[   55450ms] [LOG] [Fast Refresh] done in 3782ms @ http://localhost:3000/_next/static/chunks/node_modules_next_dist_1e8vcs8._.js:776
[   55504ms] [LOG] [Fast Refresh] done in 3782ms @ http://localhost:3000/_next/static/chunks/node_modules_next_dist_1e8vcs8._.js:776
[   55567ms] [LOG] [Fast Refresh] done in 3782ms @ http://localhost:3000/_next/static/chunks/node_modules_next_dist_1e8vcs8._.js:776
[   55621ms] [LOG] [Fast Refresh] done in 3782ms @ http://localhost:3000/_next/static/chunks/node_modules_next_dist_1e8vcs8._.js:776
[   55673ms] [LOG] [Fast Refresh] done in 3782ms @ http://localhost:3000/_next/static/chunks/node_modules_next_dist_1e8vcs8._.js:776
[   55736ms] [LOG] [Fast Refresh] done in 3782ms @ http://localhost:3000/_next/static/chunks/node_modules_next_dist_1e8vcs8._.js:776
[   55800ms] [LOG] [Fast Refresh] done in 3782ms @ http://localhost:3000/_next/static/chunks/node_modules_next_dist_1e8vcs8._.js:776
[   55864ms] [LOG] [Fast Refresh] done in 3782ms @ http://localhost:3000/_next/static/chunks/node_modules_next_dist_1e8vcs8._.js:776
[   55928ms] [LOG] [Fast Refresh] done in 3782ms @ http://localhost:3000/_next/static/chunks/node_modules_next_dist_1e8vcs8._.js:776
[   55992ms] [LOG] [Fast Refresh] done in 3782ms @ http://localhost:3000/_next/static/chunks/node_modules_next_dist_1e8vcs8._.js:776
[   56057ms] [LOG] [Fast Refresh] done in 3782ms @ http://localhost:3000/_next/static/chunks/node_modules_next_dist_1e8vcs8._.js:776
[   56107ms] [LOG] [Fast Refresh] done in 3782ms @ http://localhost:3000/_next/static/chunks/node_modules_next_dist_1e8vcs8._.js:776
[   56171ms] [LOG] [Fast Refresh] done in 3782ms @ http://localhost:3000/_next/static/chunks/node_modules_next_dist_1e8vcs8._.js:776
[   56235ms] [LOG] [Fast Refresh] done in 3782ms @ http://localhost:3000/_next/static/chunks/node_modules_next_dist_1e8vcs8._.js:776
[   56297ms] [LOG] [Fast Refresh] done in 3782ms @ http://localhost:3000/_next/static/chunks/node_modules_next_dist_1e8vcs8._.js:776
[   56361ms] [LOG] [Fast Refresh] done in 3782ms @ http://localhost:3000/_next/static/chunks/node_modules_next_dist_1e8vcs8._.js:776
[   56418ms] [LOG] [Fast Refresh] done in 3782ms @ http://localhost:3000/_next/static/chunks/node_modules_next_dist_1e8vcs8._.js:776
[   56473ms] [LOG] [Fast Refresh] done in 3782ms @ http://localhost:3000/_next/static/chunks/node_modules_next_dist_1e8vcs8._.js:776
[   56540ms] [LOG] [Fast Refresh] done in 3782ms @ http://localhost:3000/_next/static/chunks/node_modules_next_dist_1e8vcs8._.js:776
[   56601ms] [LOG] [Fast Refresh] done in 3782ms @ http://localhost:3000/_next/static/chunks/node_modules_next_dist_1e8vcs8._.js:776
[   56664ms] [LOG] [Fast Refresh] done in 3782ms @ http://localhost:3000/_next/static/chunks/node_modules_next_dist_1e8vcs8._.js:776
[   56728ms] [LOG] [Fast Refresh] done in 3782ms @ http://localhost:3000/_next/static/chunks/node_modules_next_dist_1e8vcs8._.js:776
[   56791ms] [LOG] [Fast Refresh] done in 3782ms @ http://localhost:3000/_next/static/chunks/node_modules_next_dist_1e8vcs8._.js:776
[   56854ms] [LOG] [Fast Refresh] done in 3782ms @ http://localhost:3000/_next/static/chunks/node_modules_next_dist_1e8vcs8._.js:776
[   56907ms] [LOG] [Fast Refresh] done in 3782ms @ http://localhost:3000/_next/static/chunks/node_modules_next_dist_1e8vcs8._.js:776
[   56972ms] [LOG] [Fast Refresh] done in 3782ms @ http://localhost:3000/_next/static/chunks/node_modules_next_dist_1e8vcs8._.js:776
[   57024ms] [LOG] [Fast Refresh] done in 3782ms @ http://localhost:3000/_next/static/chunks/node_modules_next_dist_1e8vcs8._.js:776
[   57089ms] [LOG] [Fast Refresh] done in 3782ms @ http://localhost:3000/_next/static/chunks/node_modules_next_dist_1e8vcs8._.js:776
[   57152ms] [LOG] [Fast Refresh] done in 3782ms @ http://localhost:3000/_next/static/chunks/node_modules_next_dist_1e8vcs8._.js:776
[   57216ms] [LOG] [Fast Refresh] done in 3782ms @ http://localhost:3000/_next/static/chunks/node_modules_next_dist_1e8vcs8._.js:776
[   57269ms] [LOG] [Fast Refresh] done in 3782ms @ http://localhost:3000/_next/static/chunks/node_modules_next_dist_1e8vcs8._.js:776
[   57323ms] [LOG] [Fast Refresh] done in 3782ms @ http://localhost:3000/_next/static/chunks/node_modules_next_dist_1e8vcs8._.js:776
[   57387ms] [LOG] [Fast Refresh] done in 3782ms @ http://localhost:3000/_next/static/chunks/node_modules_next_dist_1e8vcs8._.js:776
[   57442ms] [LOG] [Fast Refresh] done in 3782ms @ http://localhost:3000/_next/static/chunks/node_modules_next_dist_1e8vcs8._.js:776
[   57507ms] [LOG] [Fast Refresh] done in 3782ms @ http://localhost:3000/_next/static/chunks/node_modules_next_dist_1e8vcs8._.js:776
[   57558ms] [LOG] [Fast Refresh] done in 3782ms @ http://localhost:3000/_next/static/chunks/node_modules_next_dist_1e8vcs8._.js:776
[   57614ms] [LOG] [Fast Refresh] done in 3782ms @ http://localhost:3000/_next/static/chunks/node_modules_next_dist_1e8vcs8._.js:776
[   57673ms] [LOG] [Fast Refresh] done in 3782ms @ http://localhost:3000/_next/static/chunks/node_modules_next_dist_1e8vcs8._.js:776
[   57724ms] [LOG] [Fast Refresh] done in 3782ms @ http://localhost:3000/_next/static/chunks/node_modules_next_dist_1e8vcs8._.js:776
[   57774ms] [LOG] [Fast Refresh] done in 3782ms @ http://localhost:3000/_next/static/chunks/node_modules_next_dist_1e8vcs8._.js:776
[   57839ms] [LOG] [Fast Refresh] done in 3782ms @ http://localhost:3000/_next/static/chunks/node_modules_next_dist_1e8vcs8._.js:776
[   57893ms] [LOG] [Fast Refresh] done in 3782ms @ http://localhost:3000/_next/static/chunks/node_modules_next_dist_1e8vcs8._.js:776
[   57945ms] [LOG] [Fast Refresh] done in 3782ms @ http://localhost:3000/_next/static/chunks/node_modules_next_dist_1e8vcs8._.js:776
[   58006ms] [LOG] [Fast Refresh] done in 3782ms @ http://localhost:3000/_next/static/chunks/node_modules_next_dist_1e8vcs8._.js:776
[   58057ms] [LOG] [Fast Refresh] done in 3782ms @ http://localhost:3000/_next/static/chunks/node_modules_next_dist_1e8vcs8._.js:776
[   58121ms] [LOG] [Fast Refresh] done in 3782ms @ http://localhost:3000/_next/static/chunks/node_modules_next_dist_1e8vcs8._.js:776
[   58173ms] [LOG] [Fast Refresh] done in 3782ms @ http://localhost:3000/_next/static/chunks/node_modules_next_dist_1e8vcs8._.js:776
[   58239ms] [LOG] [Fast Refresh] done in 3782ms @ http://localhost:3000/_next/static/chunks/node_modules_next_dist_1e8vcs8._.js:776
[   58290ms] [LOG] [Fast Refresh] done in 3782ms @ http://localhost:3000/_next/static/chunks/node_modules_next_dist_1e8vcs8._.js:776
[   58340ms] [LOG] [Fast Refresh] done in 3782ms @ http://localhost:3000/_next/static/chunks/node_modules_next_dist_1e8vcs8._.js:776
[   58396ms] [LOG] [Fast Refresh] done in 3782ms @ http://localhost:3000/_next/static/chunks/node_modules_next_dist_1e8vcs8._.js:776
[   58447ms] [LOG] [Fast Refresh] done in 3782ms @ http://localhost:3000/_next/static/chunks/node_modules_next_dist_1e8vcs8._.js:776
[   58505ms] [LOG] [Fast Refresh] done in 3782ms @ http://localhost:3000/_next/static/chunks/node_modules_next_dist_1e8vcs8._.js:776
[   58573ms] [LOG] [Fast Refresh] done in 3782ms @ http://localhost:3000/_next/static/chunks/node_modules_next_dist_1e8vcs8._.js:776
[   58640ms] [LOG] [Fast Refresh] done in 3782ms @ http://localhost:3000/_next/static/chunks/node_modules_next_dist_1e8vcs8._.js:776
[   58708ms] [LOG] [Fast Refresh] done in 3782ms @ http://localhost:3000/_next/static/chunks/node_modules_next_dist_1e8vcs8._.js:776
[   58773ms] [LOG] [Fast Refresh] done in 3782ms @ http://localhost:3000/_next/static/chunks/node_modules_next_dist_1e8vcs8._.js:776
[   58836ms] [LOG] [Fast Refresh] done in 3782ms @ http://localhost:3000/_next/static/chunks/node_modules_next_dist_1e8vcs8._.js:776
[   58899ms] [LOG] [Fast Refresh] done in 3782ms @ http://localhost:3000/_next/static/chunks/node_modules_next_dist_1e8vcs8._.js:776
[   58962ms] [LOG] [Fast Refresh] done in 3782ms @ http://localhost:3000/_next/static/chunks/node_modules_next_dist_1e8vcs8._.js:776
[   59026ms] [LOG] [Fast Refresh] done in 3782ms @ http://localhost:3000/_next/static/chunks/node_modules_next_dist_1e8vcs8._.js:776
[   59088ms] [LOG] [Fast Refresh] done in 3782ms @ http://localhost:3000/_next/static/chunks/node_modules_next_dist_1e8vcs8._.js:776
[   59151ms] [LOG] [Fast Refresh] done in 3782ms @ http://localhost:3000/_next/static/chunks/node_modules_next_dist_1e8vcs8._.js:776
[   59215ms] [LOG] [Fast Refresh] done in 3782ms @ http://localhost:3000/_next/static/chunks/node_modules_next_dist_1e8vcs8._.js:776
[   59279ms] [LOG] [Fast Refresh] done in 3782ms @ http://localhost:3000/_next/static/chunks/node_modules_next_dist_1e8vcs8._.js:776
[   59341ms] [LOG] [Fast Refresh] done in 3782ms @ http://localhost:3000/_next/static/chunks/node_modules_next_dist_1e8vcs8._.js:776
[   59396ms] [LOG] [Fast Refresh] done in 3782ms @ http://localhost:3000/_next/static/chunks/node_modules_next_dist_1e8vcs8._.js:776
[   59456ms] [LOG] [Fast Refresh] done in 3782ms @ http://localhost:3000/_next/static/chunks/node_modules_next_dist_1e8vcs8._.js:776
[   59507ms] [LOG] [Fast Refresh] done in 3782ms @ http://localhost:3000/_next/static/chunks/node_modules_next_dist_1e8vcs8._.js:776
[   59560ms] [LOG] [Fast Refresh] done in 3782ms @ http://localhost:3000/_next/static/chunks/node_modules_next_dist_1e8vcs8._.js:776
[   59622ms] [LOG] [Fast Refresh] done in 3782ms @ http://localhost:3000/_next/static/chunks/node_modules_next_dist_1e8vcs8._.js:776
[   59673ms] [LOG] [Fast Refresh] done in 3782ms @ http://localhost:3000/_next/static/chunks/node_modules_next_dist_1e8vcs8._.js:776
[   59733ms] [LOG] [Fast Refresh] done in 3782ms @ http://localhost:3000/_next/static/chunks/node_modules_next_dist_1e8vcs8._.js:776
[   59787ms] [LOG] [Fast Refresh] done in 3782ms @ http://localhost:3000/_next/static/chunks/node_modules_next_dist_1e8vcs8._.js:776
[   59854ms] [LOG] [Fast Refresh] done in 3782ms @ http://localhost:3000/_next/static/chunks/node_modules_next_dist_1e8vcs8._.js:776
[   59909ms] [LOG] [Fast Refresh] done in 3782ms @ http://localhost:3000/_next/static/chunks/node_modules_next_dist_1e8vcs8._.js:776
[   59955ms] [LOG] [Fast Refresh] done in 3782ms @ http://localhost:3000/_next/static/chunks/node_modules_next_dist_1e8vcs8._.js:776
[   60005ms] [LOG] [Fast Refresh] done in 3782ms @ http://localhost:3000/_next/static/chunks/node_modules_next_dist_1e8vcs8._.js:776
[   60056ms] [LOG] [Fast Refresh] done in 3782ms @ http://localhost:3000/_next/static/chunks/node_modules_next_dist_1e8vcs8._.js:776
[   60107ms] [LOG] [Fast Refresh] done in 3782ms @ http://localhost:3000/_next/static/chunks/node_modules_next_dist_1e8vcs8._.js:776
[   60173ms] [LOG] [Fast Refresh] done in 3782ms @ http://localhost:3000/_next/static/chunks/node_modules_next_dist_1e8vcs8._.js:776
[   60239ms] [LOG] [Fast Refresh] done in 3782ms @ http://localhost:3000/_next/static/chunks/node_modules_next_dist_1e8vcs8._.js:776
[   60289ms] [LOG] [Fast Refresh] done in 3782ms @ http://localhost:3000/_next/static/chunks/node_modules_next_dist_1e8vcs8._.js:776
[   60342ms] [LOG] [Fast Refresh] done in 3782ms @ http://localhost:3000/_next/static/chunks/node_modules_next_dist_1e8vcs8._.js:776
[   60390ms] [LOG] [Fast Refresh] done in 3782ms @ http://localhost:3000/_next/static/chunks/node_modules_next_dist_1e8vcs8._.js:776
[   60453ms] [LOG] [Fast Refresh] done in 3782ms @ http://localhost:3000/_next/static/chunks/node_modules_next_dist_1e8vcs8._.js:776
[   60505ms] [LOG] [Fast Refresh] done in 3782ms @ http://localhost:3000/_next/static/chunks/node_modules_next_dist_1e8vcs8._.js:776
[   60571ms] [LOG] [Fast Refresh] done in 3782ms @ http://localhost:3000/_next/static/chunks/node_modules_next_dist_1e8vcs8._.js:776
[   60623ms] [LOG] [Fast Refresh] done in 3782ms @ http://localhost:3000/_next/static/chunks/node_modules_next_dist_1e8vcs8._.js:776
[   60673ms] [LOG] [Fast Refresh] done in 3782ms @ http://localhost:3000/_next/static/chunks/node_modules_next_dist_1e8vcs8._.js:776
[   60721ms] [LOG] [Fast Refresh] done in 3782ms @ http://localhost:3000/_next/static/chunks/node_modules_next_dist_1e8vcs8._.js:776
[   60773ms] [LOG] [Fast Refresh] done in 3782ms @ http://localhost:3000/_next/static/chunks/node_modules_next_dist_1e8vcs8._.js:776
[   60825ms] [LOG] [Fast Refresh] done in 3782ms @ http://localhost:3000/_next/static/chunks/node_modules_next_dist_1e8vcs8._.js:776
[   60872ms] [LOG] [Fast Refresh] done in 3782ms @ http://localhost:3000/_next/static/chunks/node_modules_next_dist_1e8vcs8._.js:776
[   60916ms] [LOG] [Fast Refresh] done in 3782ms @ http://localhost:3000/_next/static/chunks/node_modules_next_dist_1e8vcs8._.js:776
[   60961ms] [LOG] [Fast Refresh] done in 3782ms @ http://localhost:3000/_next/static/chunks/node_modules_next_dist_1e8vcs8._.js:776
[   61021ms] [LOG] [Fast Refresh] done in 3782ms @ http://localhost:3000/_next/static/chunks/node_modules_next_dist_1e8vcs8._.js:776
[   61072ms] [LOG] [Fast Refresh] done in 3782ms @ http://localhost:3000/_next/static/chunks/node_modules_next_dist_1e8vcs8._.js:776
[   61119ms] [LOG] [Fast Refresh] done in 3782ms @ http://localhost:3000/_next/static/chunks/node_modules_next_dist_1e8vcs8._.js:776
[   61172ms] [LOG] [Fast Refresh] done in 3782ms @ http://localhost:3000/_next/static/chunks/node_modules_next_dist_1e8vcs8._.js:776
[   61223ms] [LOG] [Fast Refresh] done in 3782ms @ http://localhost:3000/_next/static/chunks/node_modules_next_dist_1e8vcs8._.js:776
[   61286ms] [LOG] [Fast Refresh] done in 3782ms @ http://localhost:3000/_next/static/chunks/node_modules_next_dist_1e8vcs8._.js:776
[   61337ms] [LOG] [Fast Refresh] done in 3782ms @ http://localhost:3000/_next/static/chunks/node_modules_next_dist_1e8vcs8._.js:776
[   61399ms] [LOG] [Fast Refresh] done in 3782ms @ http://localhost:3000/_next/static/chunks/node_modules_next_dist_1e8vcs8._.js:776
[   61460ms] [LOG] [Fast Refresh] done in 3782ms @ http://localhost:3000/_next/static/chunks/node_modules_next_dist_1e8vcs8._.js:776
[   61517ms] [LOG] [Fast Refresh] done in 3782ms @ http://localhost:3000/_next/static/chunks/node_modules_next_dist_1e8vcs8._.js:776
[   61571ms] [LOG] [Fast Refresh] done in 3782ms @ http://localhost:3000/_next/static/chunks/node_modules_next_dist_1e8vcs8._.js:776
[   61621ms] [LOG] [Fast Refresh] done in 3782ms @ http://localhost:3000/_next/static/chunks/node_modules_next_dist_1e8vcs8._.js:776
[   61673ms] [LOG] [Fast Refresh] done in 3782ms @ http://localhost:3000/_next/static/chunks/node_modules_next_dist_1e8vcs8._.js:776
[   61739ms] [LOG] [Fast Refresh] done in 3782ms @ http://localhost:3000/_next/static/chunks/node_modules_next_dist_1e8vcs8._.js:776
[   61804ms] [LOG] [Fast Refresh] done in 3782ms @ http://localhost:3000/_next/static/chunks/node_modules_next_dist_1e8vcs8._.js:776
[   61856ms] [LOG] [Fast Refresh] done in 3782ms @ http://localhost:3000/_next/static/chunks/node_modules_next_dist_1e8vcs8._.js:776
[   61919ms] [LOG] [Fast Refresh] done in 3782ms @ http://localhost:3000/_next/static/chunks/node_modules_next_dist_1e8vcs8._.js:776
[   61983ms] [LOG] [Fast Refresh] done in 3782ms @ http://localhost:3000/_next/static/chunks/node_modules_next_dist_1e8vcs8._.js:776
[   62046ms] [LOG] [Fast Refresh] done in 3782ms @ http://localhost:3000/_next/static/chunks/node_modules_next_dist_1e8vcs8._.js:776
[   62110ms] [LOG] [Fast Refresh] done in 3782ms @ http://localhost:3000/_next/static/chunks/node_modules_next_dist_1e8vcs8._.js:776
[   62174ms] [LOG] [Fast Refresh] done in 3782ms @ http://localhost:3000/_next/static/chunks/node_modules_next_dist_1e8vcs8._.js:776
[   62237ms] [LOG] [Fast Refresh] done in 3782ms @ http://localhost:3000/_next/static/chunks/node_modules_next_dist_1e8vcs8._.js:776
[   62300ms] [LOG] [Fast Refresh] done in 3782ms @ http://localhost:3000/_next/static/chunks/node_modules_next_dist_1e8vcs8._.js:776
[   62364ms] [LOG] [Fast Refresh] done in 3782ms @ http://localhost:3000/_next/static/chunks/node_modules_next_dist_1e8vcs8._.js:776
[   62428ms] [LOG] [Fast Refresh] done in 3782ms @ http://localhost:3000/_next/static/chunks/node_modules_next_dist_1e8vcs8._.js:776
[   62491ms] [LOG] [Fast Refresh] done in 3782ms @ http://localhost:3000/_next/static/chunks/node_modules_next_dist_1e8vcs8._.js:776
[   62555ms] [LOG] [Fast Refresh] done in 3782ms @ http://localhost:3000/_next/static/chunks/node_modules_next_dist_1e8vcs8._.js:776
[   62618ms] [LOG] [Fast Refresh] done in 3782ms @ http://localhost:3000/_next/static/chunks/node_modules_next_dist_1e8vcs8._.js:776
[   62682ms] [LOG] [Fast Refresh] done in 3782ms @ http://localhost:3000/_next/static/chunks/node_modules_next_dist_1e8vcs8._.js:776
[   62739ms] [LOG] [Fast Refresh] done in 3782ms @ http://localhost:3000/_next/static/chunks/node_modules_next_dist_1e8vcs8._.js:776
[   62803ms] [LOG] [Fast Refresh] done in 3782ms @ http://localhost:3000/_next/static/chunks/node_modules_next_dist_1e8vcs8._.js:776
[   62867ms] [LOG] [Fast Refresh] done in 3782ms @ http://localhost:3000/_next/static/chunks/node_modules_next_dist_1e8vcs8._.js:776
[   62937ms] [LOG] [Fast Refresh] done in 3782ms @ http://localhost:3000/_next/static/chunks/node_modules_next_dist_1e8vcs8._.js:776
[   63001ms] [LOG] [Fast Refresh] done in 3782ms @ http://localhost:3000/_next/static/chunks/node_modules_next_dist_1e8vcs8._.js:776
[   63053ms] [LOG] [Fast Refresh] done in 3782ms @ http://localhost:3000/_next/static/chunks/node_modules_next_dist_1e8vcs8._.js:776
[   63098ms] [LOG] [Fast Refresh] done in 3782ms @ http://localhost:3000/_next/static/chunks/node_modules_next_dist_1e8vcs8._.js:776
[   63143ms] [LOG] [Fast Refresh] done in 3782ms @ http://localhost:3000/_next/static/chunks/node_modules_next_dist_1e8vcs8._.js:776
[   63204ms] [LOG] [Fast Refresh] done in 3782ms @ http://localhost:3000/_next/static/chunks/node_modules_next_dist_1e8vcs8._.js:776
[   63267ms] [LOG] [Fast Refresh] done in 3782ms @ http://localhost:3000/_next/static/chunks/node_modules_next_dist_1e8vcs8._.js:776
[   63323ms] [LOG] [Fast Refresh] done in 3782ms @ http://localhost:3000/_next/static/chunks/node_modules_next_dist_1e8vcs8._.js:776
[   63366ms] [LOG] [Fast Refresh] done in 3782ms @ http://localhost:3000/_next/static/chunks/node_modules_next_dist_1e8vcs8._.js:776
[   63428ms] [LOG] [Fast Refresh] done in 3782ms @ http://localhost:3000/_next/static/chunks/node_modules_next_dist_1e8vcs8._.js:776
[   63486ms] [LOG] [Fast Refresh] done in 3782ms @ http://localhost:3000/_next/static/chunks/node_modules_next_dist_1e8vcs8._.js:776
[   63539ms] [LOG] [Fast Refresh] done in 3782ms @ http://localhost:3000/_next/static/chunks/node_modules_next_dist_1e8vcs8._.js:776
[   63604ms] [LOG] [Fast Refresh] done in 3782ms @ http://localhost:3000/_next/static/chunks/node_modules_next_dist_1e8vcs8._.js:776
[   63668ms] [LOG] [Fast Refresh] done in 3782ms @ http://localhost:3000/_next/static/chunks/node_modules_next_dist_1e8vcs8._.js:776
[   63722ms] [LOG] [Fast Refresh] done in 3782ms @ http://localhost:3000/_next/static/chunks/node_modules_next_dist_1e8vcs8._.js:776
[   63786ms] [LOG] [Fast Refresh] done in 3782ms @ http://localhost:3000/_next/static/chunks/node_modules_next_dist_1e8vcs8._.js:776
[   63840ms] [LOG] [Fast Refresh] done in 3782ms @ http://localhost:3000/_next/static/chunks/node_modules_next_dist_1e8vcs8._.js:776
[   63903ms] [LOG] [Fast Refresh] done in 3782ms @ http://localhost:3000/_next/static/chunks/node_modules_next_dist_1e8vcs8._.js:776
[   63970ms] [LOG] [Fast Refresh] done in 3782ms @ http://localhost:3000/_next/static/chunks/node_modules_next_dist_1e8vcs8._.js:776
[   64037ms] [LOG] [Fast Refresh] done in 3782ms @ http://localhost:3000/_next/static/chunks/node_modules_next_dist_1e8vcs8._.js:776
[   64084ms] [LOG] [Fast Refresh] done in 3782ms @ http://localhost:3000/_next/static/chunks/node_modules_next_dist_1e8vcs8._.js:776
[   64147ms] [LOG] [Fast Refresh] done in 3782ms @ http://localhost:3000/_next/static/chunks/node_modules_next_dist_1e8vcs8._.js:776
[   64211ms] [LOG] [Fast Refresh] done in 3782ms @ http://localhost:3000/_next/static/chunks/node_modules_next_dist_1e8vcs8._.js:776
[   64270ms] [LOG] [Fast Refresh] done in 3782ms @ http://localhost:3000/_next/static/chunks/node_modules_next_dist_1e8vcs8._.js:776
[   64320ms] [LOG] [Fast Refresh] done in 3782ms @ http://localhost:3000/_next/static/chunks/node_modules_next_dist_1e8vcs8._.js:776
[   64386ms] [LOG] [Fast Refresh] done in 3782ms @ http://localhost:3000/_next/static/chunks/node_modules_next_dist_1e8vcs8._.js:776
[   64439ms] [LOG] [Fast Refresh] done in 3782ms @ http://localhost:3000/_next/static/chunks/node_modules_next_dist_1e8vcs8._.js:776
[   64486ms] [LOG] [Fast Refresh] done in 3782ms @ http://localhost:3000/_next/static/chunks/node_modules_next_dist_1e8vcs8._.js:776
[   64531ms] [LOG] [Fast Refresh] done in 3782ms @ http://localhost:3000/_next/static/chunks/node_modules_next_dist_1e8vcs8._.js:776
[   64576ms] [LOG] [Fast Refresh] done in 3782ms @ http://localhost:3000/_next/static/chunks/node_modules_next_dist_1e8vcs8._.js:776
[   64629ms] [LOG] [Fast Refresh] done in 3782ms @ http://localhost:3000/_next/static/chunks/node_modules_next_dist_1e8vcs8._.js:776
[   64674ms] [LOG] [Fast Refresh] done in 3782ms @ http://localhost:3000/_next/static/chunks/node_modules_next_dist_1e8vcs8._.js:776
[   64737ms] [LOG] [Fast Refresh] done in 3782ms @ http://localhost:3000/_next/static/chunks/node_modules_next_dist_1e8vcs8._.js:776
[   64803ms] [LOG] [Fast Refresh] done in 3782ms @ http://localhost:3000/_next/static/chunks/node_modules_next_dist_1e8vcs8._.js:776
[   64867ms] [LOG] [Fast Refresh] done in 3782ms @ http://localhost:3000/_next/static/chunks/node_modules_next_dist_1e8vcs8._.js:776
[   64921ms] [LOG] [Fast Refresh] done in 3782ms @ http://localhost:3000/_next/static/chunks/node_modules_next_dist_1e8vcs8._.js:776
[   64972ms] [LOG] [Fast Refresh] done in 3782ms @ http://localhost:3000/_next/static/chunks/node_modules_next_dist_1e8vcs8._.js:776
[   65023ms] [LOG] [Fast Refresh] done in 3782ms @ http://localhost:3000/_next/static/chunks/node_modules_next_dist_1e8vcs8._.js:776
[   65072ms] [LOG] [Fast Refresh] done in 3782ms @ http://localhost:3000/_next/static/chunks/node_modules_next_dist_1e8vcs8._.js:776
[   65137ms] [LOG] [Fast Refresh] done in 3782ms @ http://localhost:3000/_next/static/chunks/node_modules_next_dist_1e8vcs8._.js:776
[   65186ms] [LOG] [Fast Refresh] done in 3782ms @ http://localhost:3000/_next/static/chunks/node_modules_next_dist_1e8vcs8._.js:776
[   65250ms] [LOG] [Fast Refresh] done in 3782ms @ http://localhost:3000/_next/static/chunks/node_modules_next_dist_1e8vcs8._.js:776
[   65313ms] [LOG] [Fast Refresh] done in 3782ms @ http://localhost:3000/_next/static/chunks/node_modules_next_dist_1e8vcs8._.js:776
[   65377ms] [LOG] [Fast Refresh] done in 3782ms @ http://localhost:3000/_next/static/chunks/node_modules_next_dist_1e8vcs8._.js:776
[   65441ms] [LOG] [Fast Refresh] done in 3782ms @ http://localhost:3000/_next/static/chunks/node_modules_next_dist_1e8vcs8._.js:776
[   65504ms] [LOG] [Fast Refresh] done in 3782ms @ http://localhost:3000/_next/static/chunks/node_modules_next_dist_1e8vcs8._.js:776
[   65553ms] [LOG] [Fast Refresh] done in 3782ms @ http://localhost:3000/_next/static/chunks/node_modules_next_dist_1e8vcs8._.js:776
[   65616ms] [LOG] [Fast Refresh] done in 3782ms @ http://localhost:3000/_next/static/chunks/node_modules_next_dist_1e8vcs8._.js:776
[   65668ms] [LOG] [Fast Refresh] done in 3782ms @ http://localhost:3000/_next/static/chunks/node_modules_next_dist_1e8vcs8._.js:776
[   65737ms] [LOG] [Fast Refresh] done in 3782ms @ http://localhost:3000/_next/static/chunks/node_modules_next_dist_1e8vcs8._.js:776
[   65792ms] [LOG] [Fast Refresh] done in 3782ms @ http://localhost:3000/_next/static/chunks/node_modules_next_dist_1e8vcs8._.js:776
[   65853ms] [LOG] [Fast Refresh] done in 3782ms @ http://localhost:3000/_next/static/chunks/node_modules_next_dist_1e8vcs8._.js:776
[   65907ms] [LOG] [Fast Refresh] done in 3782ms @ http://localhost:3000/_next/static/chunks/node_modules_next_dist_1e8vcs8._.js:776
[   65954ms] [LOG] [Fast Refresh] done in 3782ms @ http://localhost:3000/_next/static/chunks/node_modules_next_dist_1e8vcs8._.js:776
[   66021ms] [LOG] [Fast Refresh] done in 3782ms @ http://localhost:3000/_next/static/chunks/node_modules_next_dist_1e8vcs8._.js:776
[   66072ms] [LOG] [Fast Refresh] done in 3782ms @ http://localhost:3000/_next/static/chunks/node_modules_next_dist_1e8vcs8._.js:776
[   66137ms] [LOG] [Fast Refresh] done in 3782ms @ http://localhost:3000/_next/static/chunks/node_modules_next_dist_1e8vcs8._.js:776
[   66196ms] [LOG] [Fast Refresh] done in 3782ms @ http://localhost:3000/_next/static/chunks/node_modules_next_dist_1e8vcs8._.js:776
[   66249ms] [LOG] [Fast Refresh] done in 3782ms @ http://localhost:3000/_next/static/chunks/node_modules_next_dist_1e8vcs8._.js:776
[   66294ms] [LOG] [Fast Refresh] done in 3782ms @ http://localhost:3000/_next/static/chunks/node_modules_next_dist_1e8vcs8._.js:776
[   66339ms] [LOG] [Fast Refresh] done in 3782ms @ http://localhost:3000/_next/static/chunks/node_modules_next_dist_1e8vcs8._.js:776
[   66384ms] [LOG] [Fast Refresh] done in 3782ms @ http://localhost:3000/_next/static/chunks/node_modules_next_dist_1e8vcs8._.js:776
[   66429ms] [LOG] [Fast Refresh] done in 3782ms @ http://localhost:3000/_next/static/chunks/node_modules_next_dist_1e8vcs8._.js:776
[   66474ms] [LOG] [Fast Refresh] done in 3782ms @ http://localhost:3000/_next/static/chunks/node_modules_next_dist_1e8vcs8._.js:776
[   66519ms] [LOG] [Fast Refresh] done in 3782ms @ http://localhost:3000/_next/static/chunks/node_modules_next_dist_1e8vcs8._.js:776
[   66564ms] [LOG] [Fast Refresh] done in 3782ms @ http://localhost:3000/_next/static/chunks/node_modules_next_dist_1e8vcs8._.js:776
[   66606ms] [LOG] [Fast Refresh] done in 3782ms @ http://localhost:3000/_next/static/chunks/node_modules_next_dist_1e8vcs8._.js:776
[   66656ms] [LOG] [Fast Refresh] done in 3782ms @ http://localhost:3000/_next/static/chunks/node_modules_next_dist_1e8vcs8._.js:776
[   66720ms] [LOG] [Fast Refresh] done in 3782ms @ http://localhost:3000/_next/static/chunks/node_modules_next_dist_1e8vcs8._.js:776
[   66771ms] [LOG] [Fast Refresh] done in 3782ms @ http://localhost:3000/_next/static/chunks/node_modules_next_dist_1e8vcs8._.js:776
[   66836ms] [LOG] [Fast Refresh] done in 3782ms @ http://localhost:3000/_next/static/chunks/node_modules_next_dist_1e8vcs8._.js:776
[   66886ms] [LOG] [Fast Refresh] done in 3782ms @ http://localhost:3000/_next/static/chunks/node_modules_next_dist_1e8vcs8._.js:776
[   66938ms] [LOG] [Fast Refresh] done in 3782ms @ http://localhost:3000/_next/static/chunks/node_modules_next_dist_1e8vcs8._.js:776
[   66989ms] [LOG] [Fast Refresh] done in 3782ms @ http://localhost:3000/_next/static/chunks/node_modules_next_dist_1e8vcs8._.js:776
[   67038ms] [LOG] [Fast Refresh] done in 3782ms @ http://localhost:3000/_next/static/chunks/node_modules_next_dist_1e8vcs8._.js:776
[   67088ms] [LOG] [Fast Refresh] done in 3782ms @ http://localhost:3000/_next/static/chunks/node_modules_next_dist_1e8vcs8._.js:776
[   67138ms] [LOG] [Fast Refresh] done in 3782ms @ http://localhost:3000/_next/static/chunks/node_modules_next_dist_1e8vcs8._.js:776
[   67202ms] [LOG] [Fast Refresh] done in 3782ms @ http://localhost:3000/_next/static/chunks/node_modules_next_dist_1e8vcs8._.js:776
[   67268ms] [LOG] [Fast Refresh] done in 3782ms @ http://localhost:3000/_next/static/chunks/node_modules_next_dist_1e8vcs8._.js:776
[   67310ms] [LOG] [Fast Refresh] done in 3782ms @ http://localhost:3000/_next/static/chunks/node_modules_next_dist_1e8vcs8._.js:776
[   67355ms] [LOG] [Fast Refresh] done in 3782ms @ http://localhost:3000/_next/static/chunks/node_modules_next_dist_1e8vcs8._.js:776
[   67419ms] [LOG] [Fast Refresh] done in 3782ms @ http://localhost:3000/_next/static/chunks/node_modules_next_dist_1e8vcs8._.js:776
[   67470ms] [LOG] [Fast Refresh] done in 3782ms @ http://localhost:3000/_next/static/chunks/node_modules_next_dist_1e8vcs8._.js:776
[   67520ms] [LOG] [Fast Refresh] done in 3782ms @ http://localhost:3000/_next/static/chunks/node_modules_next_dist_1e8vcs8._.js:776
[   67568ms] [LOG] [Fast Refresh] done in 3782ms @ http://localhost:3000/_next/static/chunks/node_modules_next_dist_1e8vcs8._.js:776
[   67620ms] [LOG] [Fast Refresh] done in 3782ms @ http://localhost:3000/_next/static/chunks/node_modules_next_dist_1e8vcs8._.js:776
[   67686ms] [LOG] [Fast Refresh] done in 3782ms @ http://localhost:3000/_next/static/chunks/node_modules_next_dist_1e8vcs8._.js:776
[   67736ms] [LOG] [Fast Refresh] done in 3782ms @ http://localhost:3000/_next/static/chunks/node_modules_next_dist_1e8vcs8._.js:776
[   67788ms] [LOG] [Fast Refresh] done in 3782ms @ http://localhost:3000/_next/static/chunks/node_modules_next_dist_1e8vcs8._.js:776
[   67852ms] [LOG] [Fast Refresh] done in 3782ms @ http://localhost:3000/_next/static/chunks/node_modules_next_dist_1e8vcs8._.js:776
[   67919ms] [LOG] [Fast Refresh] done in 3782ms @ http://localhost:3000/_next/static/chunks/node_modules_next_dist_1e8vcs8._.js:776
[   67982ms] [LOG] [Fast Refresh] done in 3782ms @ http://localhost:3000/_next/static/chunks/node_modules_next_dist_1e8vcs8._.js:776
[   68045ms] [LOG] [Fast Refresh] done in 3782ms @ http://localhost:3000/_next/static/chunks/node_modules_next_dist_1e8vcs8._.js:776
[   68109ms] [LOG] [Fast Refresh] done in 3782ms @ http://localhost:3000/_next/static/chunks/node_modules_next_dist_1e8vcs8._.js:776
[   68172ms] [LOG] [Fast Refresh] done in 3782ms @ http://localhost:3000/_next/static/chunks/node_modules_next_dist_1e8vcs8._.js:776
[   68235ms] [LOG] [Fast Refresh] done in 3782ms @ http://localhost:3000/_next/static/chunks/node_modules_next_dist_1e8vcs8._.js:776
[   68299ms] [LOG] [Fast Refresh] done in 3782ms @ http://localhost:3000/_next/static/chunks/node_modules_next_dist_1e8vcs8._.js:776
[   68362ms] [LOG] [Fast Refresh] done in 3782ms @ http://localhost:3000/_next/static/chunks/node_modules_next_dist_1e8vcs8._.js:776
[   68426ms] [LOG] [Fast Refresh] done in 3782ms @ http://localhost:3000/_next/static/chunks/node_modules_next_dist_1e8vcs8._.js:776
[   68470ms] [LOG] [Fast Refresh] done in 3782ms @ http://localhost:3000/_next/static/chunks/node_modules_next_dist_1e8vcs8._.js:776
[   68514ms] [LOG] [Fast Refresh] done in 3782ms @ http://localhost:3000/_next/static/chunks/node_modules_next_dist_1e8vcs8._.js:776
[   68554ms] [LOG] [Fast Refresh] done in 3782ms @ http://localhost:3000/_next/static/chunks/node_modules_next_dist_1e8vcs8._.js:776
[   68596ms] [LOG] [Fast Refresh] done in 3782ms @ http://localhost:3000/_next/static/chunks/node_modules_next_dist_1e8vcs8._.js:776
[   68637ms] [LOG] [Fast Refresh] done in 3782ms @ http://localhost:3000/_next/static/chunks/node_modules_next_dist_1e8vcs8._.js:776
[   68694ms] [LOG] [Fast Refresh] done in 3782ms @ http://localhost:3000/_next/static/chunks/node_modules_next_dist_1e8vcs8._.js:776
[   68737ms] [LOG] [Fast Refresh] done in 3782ms @ http://localhost:3000/_next/static/chunks/node_modules_next_dist_1e8vcs8._.js:776
[   68784ms] [LOG] [Fast Refresh] done in 3782ms @ http://localhost:3000/_next/static/chunks/node_modules_next_dist_1e8vcs8._.js:776
[   68835ms] [LOG] [Fast Refresh] done in 3782ms @ http://localhost:3000/_next/static/chunks/node_modules_next_dist_1e8vcs8._.js:776
[   68886ms] [LOG] [Fast Refresh] done in 3782ms @ http://localhost:3000/_next/static/chunks/node_modules_next_dist_1e8vcs8._.js:776
[   68937ms] [LOG] [Fast Refresh] done in 3782ms @ http://localhost:3000/_next/static/chunks/node_modules_next_dist_1e8vcs8._.js:776
[   68998ms] [LOG] [Fast Refresh] done in 3782ms @ http://localhost:3000/_next/static/chunks/node_modules_next_dist_1e8vcs8._.js:776
[   69053ms] [LOG] [Fast Refresh] done in 3782ms @ http://localhost:3000/_next/static/chunks/node_modules_next_dist_1e8vcs8._.js:776
[   69103ms] [LOG] [Fast Refresh] done in 3782ms @ http://localhost:3000/_next/static/chunks/node_modules_next_dist_1e8vcs8._.js:776
[   69169ms] [LOG] [Fast Refresh] done in 3782ms @ http://localhost:3000/_next/static/chunks/node_modules_next_dist_1e8vcs8._.js:776
[   69234ms] [LOG] [Fast Refresh] done in 3782ms @ http://localhost:3000/_next/static/chunks/node_modules_next_dist_1e8vcs8._.js:776
[   69296ms] [LOG] [Fast Refresh] done in 3782ms @ http://localhost:3000/_next/static/chunks/node_modules_next_dist_1e8vcs8._.js:776
[   69350ms] [LOG] [Fast Refresh] done in 3782ms @ http://localhost:3000/_next/static/chunks/node_modules_next_dist_1e8vcs8._.js:776
[   69403ms] [LOG] [Fast Refresh] done in 3782ms @ http://localhost:3000/_next/static/chunks/node_modules_next_dist_1e8vcs8._.js:776
[   69455ms] [LOG] [Fast Refresh] done in 3782ms @ http://localhost:3000/_next/static/chunks/node_modules_next_dist_1e8vcs8._.js:776
[   69520ms] [LOG] [Fast Refresh] done in 3782ms @ http://localhost:3000/_next/static/chunks/node_modules_next_dist_1e8vcs8._.js:776
[   69586ms] [LOG] [Fast Refresh] done in 3782ms @ http://localhost:3000/_next/static/chunks/node_modules_next_dist_1e8vcs8._.js:776
[   69638ms] [LOG] [Fast Refresh] done in 3782ms @ http://localhost:3000/_next/static/chunks/node_modules_next_dist_1e8vcs8._.js:776
[   69702ms] [LOG] [Fast Refresh] done in 3782ms @ http://localhost:3000/_next/static/chunks/node_modules_next_dist_1e8vcs8._.js:776
[   69753ms] [LOG] [Fast Refresh] done in 3782ms @ http://localhost:3000/_next/static/chunks/node_modules_next_dist_1e8vcs8._.js:776
[   69803ms] [LOG] [Fast Refresh] done in 3782ms @ http://localhost:3000/_next/static/chunks/node_modules_next_dist_1e8vcs8._.js:776
[   69868ms] [LOG] [Fast Refresh] done in 3782ms @ http://localhost:3000/_next/static/chunks/node_modules_next_dist_1e8vcs8._.js:776
[   69931ms] [LOG] [Fast Refresh] done in 3782ms @ http://localhost:3000/_next/static/chunks/node_modules_next_dist_1e8vcs8._.js:776
[   69992ms] [LOG] [Fast Refresh] done in 3782ms @ http://localhost:3000/_next/static/chunks/node_modules_next_dist_1e8vcs8._.js:776
[   70036ms] [LOG] [Fast Refresh] done in 3782ms @ http://localhost:3000/_next/static/chunks/node_modules_next_dist_1e8vcs8._.js:776
[   70081ms] [LOG] [Fast Refresh] done in 3782ms @ http://localhost:3000/_next/static/chunks/node_modules_next_dist_1e8vcs8._.js:776
[   70126ms] [LOG] [Fast Refresh] done in 3782ms @ http://localhost:3000/_next/static/chunks/node_modules_next_dist_1e8vcs8._.js:776
[   70170ms] [LOG] [Fast Refresh] done in 3782ms @ http://localhost:3000/_next/static/chunks/node_modules_next_dist_1e8vcs8._.js:776
[   70219ms] [LOG] [Fast Refresh] done in 3782ms @ http://localhost:3000/_next/static/chunks/node_modules_next_dist_1e8vcs8._.js:776
[   70269ms] [LOG] [Fast Refresh] done in 3782ms @ http://localhost:3000/_next/static/chunks/node_modules_next_dist_1e8vcs8._.js:776
[   70314ms] [LOG] [Fast Refresh] done in 3782ms @ http://localhost:3000/_next/static/chunks/node_modules_next_dist_1e8vcs8._.js:776
[   70359ms] [LOG] [Fast Refresh] done in 3782ms @ http://localhost:3000/_next/static/chunks/node_modules_next_dist_1e8vcs8._.js:776
[   70403ms] [LOG] [Fast Refresh] done in 3782ms @ http://localhost:3000/_next/static/chunks/node_modules_next_dist_1e8vcs8._.js:776
[   70469ms] [LOG] [Fast Refresh] done in 3782ms @ http://localhost:3000/_next/static/chunks/node_modules_next_dist_1e8vcs8._.js:776
[   70536ms] [LOG] [Fast Refresh] done in 3782ms @ http://localhost:3000/_next/static/chunks/node_modules_next_dist_1e8vcs8._.js:776
[   70600ms] [LOG] [Fast Refresh] done in 3782ms @ http://localhost:3000/_next/static/chunks/node_modules_next_dist_1e8vcs8._.js:776
[   70652ms] [LOG] [Fast Refresh] done in 3782ms @ http://localhost:3000/_next/static/chunks/node_modules_next_dist_1e8vcs8._.js:776
[   70720ms] [LOG] [Fast Refresh] done in 3782ms @ http://localhost:3000/_next/static/chunks/node_modules_next_dist_1e8vcs8._.js:776
[   70771ms] [LOG] [Fast Refresh] done in 3782ms @ http://localhost:3000/_next/static/chunks/node_modules_next_dist_1e8vcs8._.js:776
[   70836ms] [LOG] [Fast Refresh] done in 3782ms @ http://localhost:3000/_next/static/chunks/node_modules_next_dist_1e8vcs8._.js:776
[   70888ms] [LOG] [Fast Refresh] done in 3782ms @ http://localhost:3000/_next/static/chunks/node_modules_next_dist_1e8vcs8._.js:776
[   70946ms] [LOG] [Fast Refresh] done in 3782ms @ http://localhost:3000/_next/static/chunks/node_modules_next_dist_1e8vcs8._.js:776
[   71019ms] [LOG] [Fast Refresh] done in 3782ms @ http://localhost:3000/_next/static/chunks/node_modules_next_dist_1e8vcs8._.js:776
[   71086ms] [LOG] [Fast Refresh] done in 3782ms @ http://localhost:3000/_next/static/chunks/node_modules_next_dist_1e8vcs8._.js:776
[   71136ms] [LOG] [Fast Refresh] done in 3782ms @ http://localhost:3000/_next/static/chunks/node_modules_next_dist_1e8vcs8._.js:776
[   71192ms] [LOG] [Fast Refresh] done in 3782ms @ http://localhost:3000/_next/static/chunks/node_modules_next_dist_1e8vcs8._.js:776
[   71236ms] [LOG] [Fast Refresh] done in 3782ms @ http://localhost:3000/_next/static/chunks/node_modules_next_dist_1e8vcs8._.js:776
[   71281ms] [LOG] [Fast Refresh] done in 3782ms @ http://localhost:3000/_next/static/chunks/node_modules_next_dist_1e8vcs8._.js:776
[   71334ms] [LOG] [Fast Refresh] done in 3782ms @ http://localhost:3000/_next/static/chunks/node_modules_next_dist_1e8vcs8._.js:776
[   71379ms] [LOG] [Fast Refresh] done in 3782ms @ http://localhost:3000/_next/static/chunks/node_modules_next_dist_1e8vcs8._.js:776
[   71434ms] [LOG] [Fast Refresh] done in 3782ms @ http://localhost:3000/_next/static/chunks/node_modules_next_dist_1e8vcs8._.js:776
[   71485ms] [LOG] [Fast Refresh] done in 3782ms @ http://localhost:3000/_next/static/chunks/node_modules_next_dist_1e8vcs8._.js:776
[   71533ms] [LOG] [Fast Refresh] done in 3782ms @ http://localhost:3000/_next/static/chunks/node_modules_next_dist_1e8vcs8._.js:776
[   71588ms] [LOG] [Fast Refresh] done in 3782ms @ http://localhost:3000/_next/static/chunks/node_modules_next_dist_1e8vcs8._.js:776
[   71650ms] [LOG] [Fast Refresh] done in 3782ms @ http://localhost:3000/_next/static/chunks/node_modules_next_dist_1e8vcs8._.js:776
[   71702ms] [LOG] [Fast Refresh] done in 3782ms @ http://localhost:3000/_next/static/chunks/node_modules_next_dist_1e8vcs8._.js:776
[   71761ms] [LOG] [Fast Refresh] done in 3782ms @ http://localhost:3000/_next/static/chunks/node_modules_next_dist_1e8vcs8._.js:776
[   71809ms] [LOG] [Fast Refresh] done in 3782ms @ http://localhost:3000/_next/static/chunks/node_modules_next_dist_1e8vcs8._.js:776
[   71866ms] [LOG] [Fast Refresh] done in 3782ms @ http://localhost:3000/_next/static/chunks/node_modules_next_dist_1e8vcs8._.js:776
[   71919ms] [LOG] [Fast Refresh] done in 3782ms @ http://localhost:3000/_next/static/chunks/node_modules_next_dist_1e8vcs8._.js:776
[   71968ms] [LOG] [Fast Refresh] done in 3782ms @ http://localhost:3000/_next/static/chunks/node_modules_next_dist_1e8vcs8._.js:776
[   72023ms] [LOG] [Fast Refresh] done in 3782ms @ http://localhost:3000/_next/static/chunks/node_modules_next_dist_1e8vcs8._.js:776
[   72069ms] [LOG] [Fast Refresh] done in 3782ms @ http://localhost:3000/_next/static/chunks/node_modules_next_dist_1e8vcs8._.js:776
[   72122ms] [LOG] [Fast Refresh] done in 3782ms @ http://localhost:3000/_next/static/chunks/node_modules_next_dist_1e8vcs8._.js:776
[   72183ms] [LOG] [Fast Refresh] done in 3782ms @ http://localhost:3000/_next/static/chunks/node_modules_next_dist_1e8vcs8._.js:776
[   72232ms] [LOG] [Fast Refresh] done in 3782ms @ http://localhost:3000/_next/static/chunks/node_modules_next_dist_1e8vcs8._.js:776
[   72298ms] [LOG] [Fast Refresh] done in 3782ms @ http://localhost:3000/_next/static/chunks/node_modules_next_dist_1e8vcs8._.js:776
[   72346ms] [LOG] [Fast Refresh] done in 3782ms @ http://localhost:3000/_next/static/chunks/node_modules_next_dist_1e8vcs8._.js:776
[   72392ms] [LOG] [Fast Refresh] done in 3782ms @ http://localhost:3000/_next/static/chunks/node_modules_next_dist_1e8vcs8._.js:776
[   72439ms] [LOG] [Fast Refresh] done in 3782ms @ http://localhost:3000/_next/static/chunks/node_modules_next_dist_1e8vcs8._.js:776
[   72486ms] [LOG] [Fast Refresh] done in 3782ms @ http://localhost:3000/_next/static/chunks/node_modules_next_dist_1e8vcs8._.js:776
[   72534ms] [LOG] [Fast Refresh] done in 3782ms @ http://localhost:3000/_next/static/chunks/node_modules_next_dist_1e8vcs8._.js:776
[   72578ms] [LOG] [Fast Refresh] done in 3782ms @ http://localhost:3000/_next/static/chunks/node_modules_next_dist_1e8vcs8._.js:776
[   72624ms] [LOG] [Fast Refresh] done in 3782ms @ http://localhost:3000/_next/static/chunks/node_modules_next_dist_1e8vcs8._.js:776
[   72679ms] [LOG] [Fast Refresh] done in 3782ms @ http://localhost:3000/_next/static/chunks/node_modules_next_dist_1e8vcs8._.js:776
[   72734ms] [LOG] [Fast Refresh] done in 3782ms @ http://localhost:3000/_next/static/chunks/node_modules_next_dist_1e8vcs8._.js:776
[   72788ms] [LOG] [Fast Refresh] done in 3782ms @ http://localhost:3000/_next/static/chunks/node_modules_next_dist_1e8vcs8._.js:776
[   72852ms] [LOG] [Fast Refresh] done in 3782ms @ http://localhost:3000/_next/static/chunks/node_modules_next_dist_1e8vcs8._.js:776
[   72902ms] [LOG] [Fast Refresh] done in 3782ms @ http://localhost:3000/_next/static/chunks/node_modules_next_dist_1e8vcs8._.js:776
[   72951ms] [LOG] [Fast Refresh] done in 3782ms @ http://localhost:3000/_next/static/chunks/node_modules_next_dist_1e8vcs8._.js:776
[   73006ms] [LOG] [Fast Refresh] done in 3782ms @ http://localhost:3000/_next/static/chunks/node_modules_next_dist_1e8vcs8._.js:776
[   73052ms] [LOG] [Fast Refresh] done in 3782ms @ http://localhost:3000/_next/static/chunks/node_modules_next_dist_1e8vcs8._.js:776
[   73114ms] [LOG] [Fast Refresh] done in 3782ms @ http://localhost:3000/_next/static/chunks/node_modules_next_dist_1e8vcs8._.js:776
[   73157ms] [LOG] [Fast Refresh] done in 3782ms @ http://localhost:3000/_next/static/chunks/node_modules_next_dist_1e8vcs8._.js:776
[   73201ms] [LOG] [Fast Refresh] done in 3782ms @ http://localhost:3000/_next/static/chunks/node_modules_next_dist_1e8vcs8._.js:776
[   73245ms] [LOG] [Fast Refresh] done in 3782ms @ http://localhost:3000/_next/static/chunks/node_modules_next_dist_1e8vcs8._.js:776
[   73291ms] [LOG] [Fast Refresh] done in 3782ms @ http://localhost:3000/_next/static/chunks/node_modules_next_dist_1e8vcs8._.js:776
[   73334ms] [LOG] [Fast Refresh] done in 3782ms @ http://localhost:3000/_next/static/chunks/node_modules_next_dist_1e8vcs8._.js:776
[   73384ms] [LOG] [Fast Refresh] done in 3782ms @ http://localhost:3000/_next/static/chunks/node_modules_next_dist_1e8vcs8._.js:776
[   73435ms] [LOG] [Fast Refresh] done in 3782ms @ http://localhost:3000/_next/static/chunks/node_modules_next_dist_1e8vcs8._.js:776
[   73487ms] [LOG] [Fast Refresh] done in 3782ms @ http://localhost:3000/_next/static/chunks/node_modules_next_dist_1e8vcs8._.js:776
[   73548ms] [LOG] [Fast Refresh] done in 3782ms @ http://localhost:3000/_next/static/chunks/node_modules_next_dist_1e8vcs8._.js:776
[   73611ms] [LOG] [Fast Refresh] done in 3782ms @ http://localhost:3000/_next/static/chunks/node_modules_next_dist_1e8vcs8._.js:776
[   73675ms] [LOG] [Fast Refresh] done in 3782ms @ http://localhost:3000/_next/static/chunks/node_modules_next_dist_1e8vcs8._.js:776
[   73727ms] [LOG] [Fast Refresh] done in 3782ms @ http://localhost:3000/_next/static/chunks/node_modules_next_dist_1e8vcs8._.js:776
[   73772ms] [LOG] [Fast Refresh] done in 3782ms @ http://localhost:3000/_next/static/chunks/node_modules_next_dist_1e8vcs8._.js:776
[   73817ms] [LOG] [Fast Refresh] done in 3782ms @ http://localhost:3000/_next/static/chunks/node_modules_next_dist_1e8vcs8._.js:776
[   73873ms] [LOG] [Fast Refresh] done in 3782ms @ http://localhost:3000/_next/static/chunks/node_modules_next_dist_1e8vcs8._.js:776
[   73929ms] [LOG] [Fast Refresh] done in 3782ms @ http://localhost:3000/_next/static/chunks/node_modules_next_dist_1e8vcs8._.js:776
[   73985ms] [LOG] [Fast Refresh] done in 3782ms @ http://localhost:3000/_next/static/chunks/node_modules_next_dist_1e8vcs8._.js:776
[   74049ms] [LOG] [Fast Refresh] done in 3782ms @ http://localhost:3000/_next/static/chunks/node_modules_next_dist_1e8vcs8._.js:776
[   74101ms] [LOG] [Fast Refresh] done in 3782ms @ http://localhost:3000/_next/static/chunks/node_modules_next_dist_1e8vcs8._.js:776
[   74151ms] [LOG] [Fast Refresh] done in 3782ms @ http://localhost:3000/_next/static/chunks/node_modules_next_dist_1e8vcs8._.js:776
[   74214ms] [LOG] [Fast Refresh] done in 3782ms @ http://localhost:3000/_next/static/chunks/node_modules_next_dist_1e8vcs8._.js:776
[   74275ms] [LOG] [Fast Refresh] done in 3782ms @ http://localhost:3000/_next/static/chunks/node_modules_next_dist_1e8vcs8._.js:776
[   74333ms] [LOG] [Fast Refresh] done in 3782ms @ http://localhost:3000/_next/static/chunks/node_modules_next_dist_1e8vcs8._.js:776
